// Jest Snapshot v1, https://goo.gl/fbAQLP

exports[`DomTestingLibrary getByAltText works 1`] = `
<img
  alt="Alt text"
  src=""
/>
`;

exports[`DomTestingLibrary getByDisplayValue works 1`] = `
<input
  type="text"
  value="Some value"
/>
`;

exports[`DomTestingLibrary getByLabelText works with function matcher 1`] = `
<p
  aria-label="message"
>
   World!
</p>
`;

exports[`DomTestingLibrary getByLabelText works with regex matcher 1`] = `
<section
  aria-labelledby="section-one-header"
>
  <h3
    id="section-one-header"
  >
    Section One!
  </h3>
  <p>
    some content
  </p>
</section>
`;

exports[`DomTestingLibrary getByLabelText works with string matcher 1`] = `<input />`;

exports[`DomTestingLibrary getByPlaceholderText works 1`] = `
<input
  placeholder="Enter something"
  type="text"
/>
`;

exports[`DomTestingLibrary getByTestId works 1`] = `
<p
  data-testid="world"
>
   World!
</p>
`;

exports[`DomTestingLibrary getByText works with function matcher 1`] = `
<p
  data-testid="world"
>
   World!
</p>
`;

exports[`DomTestingLibrary getByText works with regex matcher 1`] = `
<p
  data-testid="world"
>
   World!
</p>
`;

exports[`DomTestingLibrary getByText works with string matcher 1`] = `
<b
  title="greeting"
>
  Hello,
</b>
`;

exports[`DomTestingLibrary getByTitle works 1`] = `
<b
  title="greeting"
>
  Hello,
</b>
`;

exports[`DomTestingLibrary getNodeText works 1`] = `"Hello,"`;

exports[`DomTestingLibrary prettyDOM works 1`] = `
"[36m<body>[39m
  [36m<b[39m
    [33mtitle[39m=[32m\\"greeting\\"[39m
  [36m>[39m
    [0mHello,[0m
  [36m</b>[39m
  [36m<p[39m
    [33mdata-testid[39m=[32m\\"world\\"[39m
  [36m>[39m
    [0m World![0m
  [36m</p>[39m
  [36m<input[39m
    [33mplaceholder[39m=[32m\\"Enter something\\"[39m
    [33mtype[39m=[32m\\"text\\"[39m
  [36m/>[39m
  [36m<input[39m
    [33mtype[39m=[32m\\"text\\"[39m
    [33mvalue[39m=[32m\\"Some value\\"[39m
  [36m/>[39m
  [36m<img[39m
    [33malt[39m=[32m\\"Alt text\\"[39m
    [33msrc[39m=[32m\\"\\"[39m
  [36m/>[39m
[36m</body>[39m"
`;

exports[`DomTestingLibrary prettyDOM works with maxLength 1`] = `
"[36m<body>[39m
  [36m<b[39m
    [33mtitle[39m=[32m\\"gr..."
`;
